// Jest Snapshot v1, https://goo.gl/fbAQLP

exports[`Data render 1`] = `
<div>
  <header
    class="MuiPaper-root MuiPaper-elevation4 MuiAppBar-root MuiAppBar-positionStatic makeStyles-appBar-2"
  >
    <div
      class="MuiToolbar-root MuiToolbar-regular makeStyles-toolBar-3 MuiToolbar-gutters"
    >
      <div
        class="makeStyles-root-1"
      >
        <img
          alt="Relayable logo"
          class="makeStyles-root-47"
          src="assets/img/yotta-logo.svg"
        />
      </div>
      <button
        class="MuiButtonBase-root MuiIconButton-root makeStyles-theme-6 MuiIconButton-edgeStart"
        tabindex="0"
        type="button"
      >
        <span
          class="MuiIconButton-label"
        >
          <svg
            aria-hidden="true"
            class="MuiSvgIcon-root MuiSvgIcon-fontSizeLarge"
            focusable="false"
            role="presentation"
            viewBox="0 0 24 24"
          >
            <path
              d="M12 3c-.46 0-.93.04-1.4.14-2.76.53-4.96 2.76-5.48 5.52-.48 2.61.48 5.01 2.22 6.56.43.38.66.91.66 1.47V19c0 1.1.9 2 2 2h.28c.35.6.98 1 1.72 1s1.38-.4 1.72-1H14c1.1 0 2-.9 2-2v-2.31c0-.55.22-1.09.64-1.46C18.09 13.95 19 12.08 19 10c0-3.87-3.13-7-7-7zm2 16h-4v-1h4v1zm0-2h-4v-1h4v1zm-1.5-5.59V14h-1v-2.59L9.67 9.59l.71-.71L12 10.5l1.62-1.62.71.71-1.83 1.82z"
            />
          </svg>
        </span>
      </button>
      <div
        class="MuiAvatar-root makeStyles-avatar-5"
      >
        <img
          alt="<mock-value-for-field-\\"name\\">"
          class="MuiAvatar-img"
          src="<mock-value-for-field-\\"avatar_url\\">"
        />
      </div>
    </div>
  </header>
</div>
`;

exports[`Error state 1`] = `
<div>
  <h1>
    Error
  </h1>
  <p />
</div>
`;

exports[`Loading state 1`] = `
<div>
  <div>
    Loading
  </div>
</div>
`;
