// Jest Snapshot v1, https://goo.gl/fbAQLP

exports[`Data Render 1`] = `
<div>
  Loading...
</div>
`;

exports[`Loading state 1`] = `
<div>
  Loading...
</div>
`;
