// Jest Snapshot v1, https://goo.gl/fbAQLP

exports[`should edit question data if he/she is owner 1`] = `
Object {
  "errors": Array [
    [GraphQLError: Field "title" is not defined by type EditQuestionInput.],
    [GraphQLError: Cannot query field "title" on type "Question".],
  ],
}
`;

exports[`should not edit question data if he/she isn't the owner 1`] = `
Object {
  "errors": Array [
    [GraphQLError: Field "title" is not defined by type EditQuestionInput.],
    [GraphQLError: Cannot query field "title" on type "Question".],
  ],
}
`;
