// Jest Snapshot v1, https://goo.gl/fbAQLP

exports[`render correctly 1`] = `
<div>
  <img
    alt="Relayable logo"
    className="makeStyles-root-1"
    onClick={[Function]}
    src="assets/img/yotta-logo.svg"
  />
</div>
`;
