// Jest Snapshot v1, https://goo.gl/fbAQLP

exports[`render correctly 1`] = `
<div>
  <img
    alt="Relayable logo"
    className="makeStyles-root-1"
    onClick={[Function]}
    src="https://avatars1.githubusercontent.com/u/42983909?s=400&u=561412bd388c64118b8c0b2a99692853e5197e6e&v=4"
  />
</div>
`;
